// Jest Snapshot v1, https://goo.gl/fbAQLP

exports[`<Header /> renders the basic <Header /> without a background 1`] = `
<div
  class="header__Container-djltcn-2 fFjEik"
>
  <p
    class="header__Link-djltcn-4 eaIGph"
  >
    Hello I am a link!
  </p>
</div>
`;
